SLURM_JOB_ID=9086 CUDA_VISIBLE_DEVICES=0
{
  "case": "sp8",
  "records": [
    {
      "schedule": 0,
      "seconds": [
        0.0020408041309565306,
        0.0018459521234035492,
        0.0018240890931338072,
        0.001801114995032549,
        0.0019303930457681417
      ],
      "resources": {
        "device_bytes": 2408,
        "host_numeric_bytes": 1232,
        "host_to_device_bytes": 2360,
        "device_to_host_bytes": 48,
        "synchronous_uploads": 17,
        "stream_synchronizations": 1
      },
      "gradient": [
        [
          2.8534787448650993,
          1.0230020755833518,
          4.174432319633615
        ],
        [
          -2.8534787448650993,
          -1.0230020755833518,
          -4.174432319633615
        ]
      ],
      "maximum_absolute_error": 1.709743457922741e-14
    },
    {
      "schedule": 1,
      "seconds": [
        0.0018264439422637224,
        0.001665035029873252,
        0.001661899033933878,
        0.0016763471066951752,
        0.0016685621812939644
      ],
      "resources": {
        "device_bytes": 2200,
        "host_numeric_bytes": 848,
        "host_to_device_bytes": 2152,
        "device_to_host_bytes": 48,
        "synchronous_uploads": 17,
        "stream_synchronizations": 1
      },
      "gradient": [
        [
          2.8534787448650993,
          1.0230020755833522,
          4.174432319633616
        ],
        [
          -2.853478744865099,
          -1.023002075583352,
          -4.174432319633614
        ]
      ],
      "maximum_absolute_error": 1.7541523789077473e-14
    },
    {
      "schedule": 2,
      "seconds": [
        0.0032720190938562155,
        0.0035619731061160564,
        0.003129676915705204,
        0.0031272119376808405,
        0.003120910143479705
      ],
      "resources": {
        "device_bytes": 2120,
        "host_numeric_bytes": 720,
        "host_to_device_bytes": 2072,
        "device_to_host_bytes": 48,
        "synchronous_uploads": 15,
        "stream_synchronizations": 1
      },
      "gradient": [
        [
          2.853478744865099,
          1.0230020755833515,
          4.174432319633615
        ],
        [
          -2.8534787448651002,
          -1.0230020755833524,
          -4.174432319633617
        ]
      ],
      "maximum_absolute_error": 1.709743457922741e-14
    }
  ]
}
{
  "case": "sp8",
  "records": [
    {
      "schedule": 0,
      "seconds": [
        0.026253320975229144,
        0.025987352011725307,
        0.025908851996064186,
        0.025878465035930276,
        0.025851221987977624
      ],
      "resources": {
        "device_bytes": 2856,
        "host_numeric_bytes": 1680,
        "host_to_device_bytes": 2808,
        "device_to_host_bytes": 48,
        "synchronous_uploads": 17,
        "stream_synchronizations": 1
      },
      "gradient": [
        [
          3.0410292638552345,
          0.9365405290588174,
          3.069480141537804
        ],
        [
          -3.0410292638552248,
          -0.9365405290588074,
          -3.069480141537805
        ]
      ],
      "maximum_absolute_error": 2.4868995751603507e-14
    },
    {
      "schedule": 1,
      "seconds": [
        0.017735857982188463,
        0.017423539888113737,
        0.01750133908353746,
        0.017400866840034723,
        0.017561514163389802
      ],
      "resources": {
        "device_bytes": 2648,
        "host_numeric_bytes": 1296,
        "host_to_device_bytes": 2600,
        "device_to_host_bytes": 48,
        "synchronous_uploads": 17,
        "stream_synchronizations": 1
      },
      "gradient": [
        [
          3.0410292638552354,
          0.9365405290588147,
          3.0694801415378112
        ],
        [
          -3.0410292638552248,
          -0.9365405290588085,
          -3.069480141537804
        ]
      ],
      "maximum_absolute_error": 3.197442310920451e-14
    },
    {
      "schedule": 2,
      "seconds": [
        0.11420279508456588,
        0.11348134488798678,
        0.10879987897351384,
        0.10780625883489847,
        0.1051278340164572
      ],
      "resources": {
        "device_bytes": 2568,
        "host_numeric_bytes": 1168,
        "host_to_device_bytes": 2520,
        "device_to_host_bytes": 48,
        "synchronous_uploads": 15,
        "stream_synchronizations": 1
      },
      "gradient": [
        [
          3.041029263855236,
          0.9365405290588144,
          3.0694801415378095
        ],
        [
          -3.041029263855222,
          -0.936540529058808,
          -3.0694801415378006
        ]
      ],
      "maximum_absolute_error": 3.019806626980426e-14
    }
  ]
}
{
  "case": "sdf18-direct",
  "records": [
    {
      "schedule": 0,
      "seconds": [
        0.0046923968475311995,
        0.004259037086740136,
        0.004227536963298917,
        0.004336244892328978,
        0.0042155340779572725
      ],
      "resources": {
        "device_bytes": 10108,
        "host_numeric_bytes": 3240,
        "host_to_device_bytes": 10060,
        "device_to_host_bytes": 48,
        "synchronous_uploads": 17,
        "stream_synchronizations": 1
      },
      "gradient": [
        [
          -0.8377810781568136,
          5.0554614101574895,
          6.110961653756638
        ],
        [
          0.837781078156814,
          -5.055461410157488,
          -6.110961653756635
        ]
      ],
      "maximum_absolute_error": 1.0613732115416497e-13
    },
    {
      "schedule": 1,
      "seconds": [
        0.007208809955045581,
        0.006902294000610709,
        0.006912894081324339,
        0.006898776860907674,
        0.006893096026033163
      ],
      "resources": {
        "device_bytes": 8820,
        "host_numeric_bytes": 1320,
        "host_to_device_bytes": 8772,
        "device_to_host_bytes": 48,
        "synchronous_uploads": 17,
        "stream_synchronizations": 1
      },
      "gradient": [
        [
          -0.8377810781568122,
          5.055461410157491,
          6.110961653756641
        ],
        [
          0.8377810781568137,
          -5.055461410157488,
          -6.110961653756636
        ]
      ],
      "maximum_absolute_error": 1.0580425424677742e-13
    },
    {
      "schedule": 2,
      "seconds": [
        0.01821867097169161,
        0.01805394608527422,
        0.018057032022625208,
        0.018015682930126786,
        0.018235533963888884
      ],
      "resources": {
        "device_bytes": 8740,
        "host_numeric_bytes": 1192,
        "host_to_device_bytes": 8692,
        "device_to_host_bytes": 48,
        "synchronous_uploads": 15,
        "stream_synchronizations": 1
      },
      "gradient": [
        [
          -0.8377810781568127,
          5.0554614101574895,
          6.110961653756638
        ],
        [
          0.8377810781568131,
          -5.055461410157489,
          -6.110961653756639
        ]
      ],
      "maximum_absolute_error": 1.0524914273446484e-13
    }
  ]
}
WARNING: Device-side CUDA Event completion trace is currently enabled.
         This may increase runtime overhead and the likelihood of false
         dependencies across CUDA Streams. If you wish to avoid this, please
         disable the feature with --cuda-event-trace=false.
Capture range started in the application.
Capture range ended in the application.
Generating '/tmp/nsys-report-52d3.qdstrm'
[1/1] [0%                          ] issue141-profile-df-scalar.nsys-repProcessing events...
[1/1] [0%                          ] issue141-profile-df-scalar.nsys-rep[1/1] [===========52%              ] issue141-profile-df-scalar.nsys-rep[1/1] [================68%         ] issue141-profile-df-scalar.nsys-rep[1/1] [====================84%     ] issue141-profile-df-scalar.nsys-rep[1/1] [========================100%] issue141-profile-df-scalar.nsys-rep[1/1] [========================100%] issue141-profile-df-scalar.nsys-rep
{
  "ao_count": null,
  "batch_size": 3,
  "benchmark": "profile_one_electron_force",
  "case": "sp8",
  "cuda_visible_devices": "0",
  "density_tolerance": 1e-10,
  "df_budget": 0,
  "energies_hartree": [
    -0.3249331287853169,
    -0.3239175892805214,
    -0.3228993586290363
  ],
  "energy_tolerance": 1e-12,
  "fitted": true,
  "maximum_absolute_force_hartree_per_bohr": 0.3641318812268599,
  "mode": "scalar",
  "repeats": 5,
  "schema_version": 1,
  "screening_tolerance": 1e-14,
  "slurm_job_id": "9086",
  "warm_median_seconds": 0.004214521963149309,
  "warm_minimum_seconds": 0.004195366054773331,
  "warm_samples": [
    {
      "iterations": [
        2,
        2,
        2
      ],
      "repeat": 0,
      "seconds": 0.004639816004782915
    },
    {
      "iterations": [
        2,
        2,
        2
      ],
      "repeat": 1,
      "seconds": 0.004226134857162833
    },
    {
      "iterations": [
        2,
        2,
        2
      ],
      "repeat": 2,
      "seconds": 0.004214521963149309
    },
    {
      "iterations": [
        2,
        2,
        2
      ],
      "repeat": 3,
      "seconds": 0.004195366054773331
    },
    {
      "iterations": [
        2,
        2,
        2
      ],
      "repeat": 4,
      "seconds": 0.004201286938041449
    }
  ]
}
Generated:
	/tmp/issue141-profile-df-scalar.nsys-rep
WARNING: Device-side CUDA Event completion trace is currently enabled.
         This may increase runtime overhead and the likelihood of false
         dependencies across CUDA Streams. If you wish to avoid this, please
         disable the feature with --cuda-event-trace=false.
Capture range started in the application.
Capture range ended in the application.
Generating '/tmp/nsys-report-8cc3.qdstrm'
[1/1] [0%                          ] issue141-profile-df-generated_thread.nsys-repProcessing events...
[1/1] [0%                          ] issue141-profile-df-generated_thread.nsys-rep[1/1] [============57%             ] issue141-profile-df-generated_thread.nsys-rep[1/1] [================70%         ] issue141-profile-df-generated_thread.nsys-rep[1/1] [====================84%     ] issue141-profile-df-generated_thread.nsys-rep[1/1] [========================100%] issue141-profile-df-generated_thread.nsys-rep[1/1] [========================100%] issue141-profile-df-generated_thread.nsys-rep
{
  "ao_count": null,
  "batch_size": 3,
  "benchmark": "profile_one_electron_force",
  "case": "sp8",
  "cuda_visible_devices": "0",
  "density_tolerance": 1e-10,
  "df_budget": 0,
  "energies_hartree": [
    -0.3249331287853169,
    -0.3239175892805214,
    -0.3228993586290363
  ],
  "energy_tolerance": 1e-12,
  "fitted": true,
  "maximum_absolute_force_hartree_per_bohr": 0.36413188122686,
  "mode": "generated_thread",
  "repeats": 5,
  "schema_version": 1,
  "screening_tolerance": 1e-14,
  "slurm_job_id": "9086",
  "warm_median_seconds": 0.0052656629122793674,
  "warm_minimum_seconds": 0.005244622007012367,
  "warm_samples": [
    {
      "iterations": [
        2,
        2,
        2
      ],
      "repeat": 0,
      "seconds": 0.005712207173928618
    },
    {
      "iterations": [
        2,
        2,
        2
      ],
      "repeat": 1,
      "seconds": 0.005277065094560385
    },
    {
      "iterations": [
        2,
        2,
        2
      ],
      "repeat": 2,
      "seconds": 0.005244622007012367
    },
    {
      "iterations": [
        2,
        2,
        2
      ],
      "repeat": 3,
      "seconds": 0.005255944095551968
    },
    {
      "iterations": [
        2,
        2,
        2
      ],
      "repeat": 4,
      "seconds": 0.0052656629122793674
    }
  ]
}
Generated:
	/tmp/issue141-profile-df-generated_thread.nsys-rep
