........................................................................ [ 54%]
...........................................................              [100%]
================================ tests coverage ================================
_______________ coverage: platform linux, python 3.11.14-final-0 _______________

Name                                  Stmts   Miss Branch BrPart  Cover
-----------------------------------------------------------------------
python/vibeqc/__init__.py                14      0      0      0   100%
python/vibeqc/__main__.py               115    115     20      0     0%
python/vibeqc/_autotune_worker.py        33     33      4      0     0%
python/vibeqc/_native.py                151      9     14      6    90%
python/vibeqc/accuracy.py               265    175    118      0    23%
python/vibeqc/accuracy_estimator.py     193    193     90      0     0%
python/vibeqc/autotune.py               309    309    108      0     0%
python/vibeqc/basis.py                  207    147     92      0    20%
python/vibeqc/basis_capabilities.py      72     36     42     10    47%
python/vibeqc/basis_import.py            51     47     36      0     5%
python/vibeqc/batch.py                  443    266    106      0    32%
python/vibeqc/calculator.py             357    194    108     20    40%
python/vibeqc/checkpoint.py             374    327    174      0     9%
python/vibeqc/elements.py                54     32     16      2    34%
python/vibeqc/overlap.py                 35     29     12      0    13%
python/vibeqc/profiles.py               228    191     90      0    12%
python/vibeqc/progressive.py            138    116     38      0    12%
python/vibeqc/projection.py             125     93     48      0    18%
python/vibeqc/resources.py              445    336    190      0    17%
python/vibeqc/resources_df.py            45     45     18      0     0%
python/vibeqc/resources_hf.py           164    145     54      0     9%
python/vibeqc/resources_hf_df.py         89     89     24      0     0%
python/vibeqc/resources_native.py        62     62     22      0     0%
python/vibeqc/torch.py                   68     68     30      0     0%
-----------------------------------------------------------------------
TOTAL                                  4037   3057   1454     38    19%
131 passed in 17.82s
