srun: job 9101 queued and waiting for resources
srun: job 9101 has been allocated resources
SLURM_JOB_ID=9101 CUDA_VISIBLE_DEVICES=0
.........................................                                [100%]
41 passed in 7.79s
.............F
=================================== FAILURES ===================================
__ test_cuda_df_distinct_auxiliary_basis_and_open_shell_inventory[recomputed] __

mode = 'recomputed'

    @pytest.mark.parametrize("mode", ["resident", "recomputed"])
    def test_cuda_df_distinct_auxiliary_basis_and_open_shell_inventory(mode):
        """Orbital dimensions cannot substitute for auxiliary or spin dimensions."""
        from vibeqc.resources import ResourcePlan

        options = {
            "method": "uhf",
            "basis": "sto-3g",
            "auxiliary_basis": "def2-svp",
            "density_fitting": "cuda",
            "energy_tolerance": 1e-12,
            "density_tolerance": 1e-10,
        }
        reference = Calculator(device="cuda", **options)
        request = reference._resource_request([H2], charges=[1], multiplicities=[2])
        candidate = next(c for c in request.candidates if c.mode == mode)
        selected = ResourcePlan(
            ResourceBudget(), (request,), (("hf", candidate.name),), "feasible"
        )
        calculator = Calculator(
            device="cuda",
            resource_budget=ResourceBudget(
                host_bytes=selected.peak_bytes["host"],
                device_bytes=selected.peak_bytes["device"],
            ),
            **options,
        )
        cpu = Calculator(**{**options, "density_fitting": "cpu"})
        expected = cpu.singlepoint(H2, charge=1, multiplicity=2)
        with calculator.prepare_batch([H2], charges=[1], multiplicities=[2]) as batch:
            assert dict(batch.resource_plan.selections)["hf"] == candidate.name
            for _ in range(2):
>               actual = batch.execute(strict=True).items[0]
                         ^^^^^^^^^^^^^^^^^^^^^^^^^^

tests/python/test_hf_resources_cuda.py:261:
_ _ _ _ _ _ _ _ _ _ _ _ _ _ _ _ _ _ _ _ _ _ _ _ _ _ _ _ _ _ _ _ _ _ _ _ _ _ _ _
python/vibeqc/batch.py:746: in execute
    result.raise_for_failures()
_ _ _ _ _ _ _ _ _ _ _ _ _ _ _ _ _ _ _ _ _ _ _ _ _ _ _ _ _ _ _ _ _ _ _ _ _ _ _ _

self = BatchResult(items=(BatchItemResult(index=0, status=1, status_message='invalid argument', energy=0.0, forces=None, conv...8a7f71380c4f6faa50439548dcf20d2676af592e14e964ee227785130'}, accuracy=None, restart_origin='cold', fock_builds=None),))

    def raise_for_failures(self) -> None:
        failures = [
            f"{item.index}: {item.status_message}"
            for item in self.items
            if not item.succeeded
        ]
        if failures:
>           raise RuntimeError("batched HF item failures: " + "; ".join(failures))
E           RuntimeError: batched HF item failures: 0: invalid argument

python/vibeqc/batch.py:72: RuntimeError
=========================== short test summary info ============================
FAILED tests/python/test_hf_resources_cuda.py::test_cuda_df_distinct_auxiliary_basis_and_open_shell_inventory[recomputed]
!!!!!!!!!!!!!!!!!!!!!!!!!! stopping after 1 failures !!!!!!!!!!!!!!!!!!!!!!!!!!!
1 failed, 13 passed in 24.15s
srun: error: node3: task 0: Exited with exit code 1
